
Allocating common symbols
Common symbol       size              file

GPIO_InitStructure  0x8               ..\obj\main.o
USART_InitStructure
                    0x10              ..\obj\main.o
NVIC_InitStructure  0x4               ..\obj\main.o
received_string     0xd               ..\obj\main.o

Discarded input sections

 .text          0x00000000        0x0 ..\obj\stm32f4xx_usart.o
 .data          0x00000000        0x0 ..\obj\stm32f4xx_usart.o
 .bss           0x00000000        0x0 ..\obj\stm32f4xx_usart.o
 .text.USART_DeInit
                0x00000000       0xd0 ..\obj\stm32f4xx_usart.o
 .text.USART_StructInit
                0x00000000       0x38 ..\obj\stm32f4xx_usart.o
 .text.USART_ClockInit
                0x00000000       0x54 ..\obj\stm32f4xx_usart.o
 .text.USART_ClockStructInit
                0x00000000       0x2c ..\obj\stm32f4xx_usart.o
 .text.USART_SetPrescaler
                0x00000000       0x38 ..\obj\stm32f4xx_usart.o
 .text.USART_OverSampling8Cmd
                0x00000000       0x44 ..\obj\stm32f4xx_usart.o
 .text.USART_OneBitMethodCmd
                0x00000000       0x40 ..\obj\stm32f4xx_usart.o
 .text.USART_ReceiveData
                0x00000000       0x20 ..\obj\stm32f4xx_usart.o
 .text.USART_SetAddress
                0x00000000       0x38 ..\obj\stm32f4xx_usart.o
 .text.USART_ReceiverWakeUpCmd
                0x00000000       0x40 ..\obj\stm32f4xx_usart.o
 .text.USART_WakeUpConfig
                0x00000000       0x38 ..\obj\stm32f4xx_usart.o
 .text.USART_LINBreakDetectLengthConfig
                0x00000000       0x38 ..\obj\stm32f4xx_usart.o
 .text.USART_LINCmd
                0x00000000       0x40 ..\obj\stm32f4xx_usart.o
 .text.USART_SendBreak
                0x00000000       0x24 ..\obj\stm32f4xx_usart.o
 .text.USART_HalfDuplexCmd
                0x00000000       0x40 ..\obj\stm32f4xx_usart.o
 .text.USART_SetGuardTime
                0x00000000       0x3c ..\obj\stm32f4xx_usart.o
 .text.USART_SmartCardCmd
                0x00000000       0x40 ..\obj\stm32f4xx_usart.o
 .text.USART_SmartCardNACKCmd
                0x00000000       0x40 ..\obj\stm32f4xx_usart.o
 .text.USART_IrDAConfig
                0x00000000       0x38 ..\obj\stm32f4xx_usart.o
 .text.USART_IrDACmd
                0x00000000       0x40 ..\obj\stm32f4xx_usart.o
 .text.USART_DMACmd
                0x00000000       0x48 ..\obj\stm32f4xx_usart.o
 .text.USART_GetFlagStatus
                0x00000000       0x38 ..\obj\stm32f4xx_usart.o
 .text.USART_ClearFlag
                0x00000000       0x20 ..\obj\stm32f4xx_usart.o
 .text.USART_ClearITPendingBit
                0x00000000       0x38 ..\obj\stm32f4xx_usart.o
 .text          0x00000000        0x0 ..\obj\startup_stm32f4xx.o
 .data          0x00000000        0x0 ..\obj\startup_stm32f4xx.o
 .bss           0x00000000        0x0 ..\obj\startup_stm32f4xx.o
 .text          0x00000000        0x0 ..\obj\main.o
 .data          0x00000000        0x0 ..\obj\main.o
 .text.Delay    0x00000000       0x20 ..\obj\main.o
 .text          0x00000000        0x0 ..\obj\stm32f4xx_rcc.o
 .bss           0x00000000        0x0 ..\obj\stm32f4xx_rcc.o
 .text.RCC_DeInit
                0x00000000       0x50 ..\obj\stm32f4xx_rcc.o
 .text.RCC_HSEConfig
                0x00000000       0x24 ..\obj\stm32f4xx_rcc.o
 .text.RCC_WaitForHSEStartUp
                0x00000000       0x50 ..\obj\stm32f4xx_rcc.o
 .text.RCC_AdjustHSICalibrationValue
                0x00000000       0x3c ..\obj\stm32f4xx_rcc.o
 .text.RCC_HSICmd
                0x00000000       0x20 ..\obj\stm32f4xx_rcc.o
 .text.RCC_LSEConfig
                0x00000000       0x40 ..\obj\stm32f4xx_rcc.o
 .text.RCC_LSICmd
                0x00000000       0x20 ..\obj\stm32f4xx_rcc.o
 .text.RCC_PLLConfig
                0x00000000       0x3c ..\obj\stm32f4xx_rcc.o
 .text.RCC_PLLCmd
                0x00000000       0x20 ..\obj\stm32f4xx_rcc.o
 .text.RCC_PLLI2SConfig
                0x00000000       0x28 ..\obj\stm32f4xx_rcc.o
 .text.RCC_PLLI2SCmd
                0x00000000       0x20 ..\obj\stm32f4xx_rcc.o
 .text.RCC_ClockSecuritySystemCmd
                0x00000000       0x20 ..\obj\stm32f4xx_rcc.o
 .text.RCC_MCO1Config
                0x00000000       0x3c ..\obj\stm32f4xx_rcc.o
 .text.RCC_MCO2Config
                0x00000000       0x3c ..\obj\stm32f4xx_rcc.o
 .text.RCC_SYSCLKConfig
                0x00000000       0x38 ..\obj\stm32f4xx_rcc.o
 .text.RCC_GetSYSCLKSource
                0x00000000       0x20 ..\obj\stm32f4xx_rcc.o
 .text.RCC_HCLKConfig
                0x00000000       0x38 ..\obj\stm32f4xx_rcc.o
 .text.RCC_PCLK1Config
                0x00000000       0x38 ..\obj\stm32f4xx_rcc.o
 .text.RCC_PCLK2Config
                0x00000000       0x38 ..\obj\stm32f4xx_rcc.o
 .text.RCC_RTCCLKConfig
                0x00000000       0x5c ..\obj\stm32f4xx_rcc.o
 .text.RCC_RTCCLKCmd
                0x00000000       0x20 ..\obj\stm32f4xx_rcc.o
 .text.RCC_BackupResetCmd
                0x00000000       0x20 ..\obj\stm32f4xx_rcc.o
 .text.RCC_I2SCLKConfig
                0x00000000       0x1c ..\obj\stm32f4xx_rcc.o
 .text.RCC_AHB2PeriphClockCmd
                0x00000000       0x3c ..\obj\stm32f4xx_rcc.o
 .text.RCC_AHB3PeriphClockCmd
                0x00000000       0x3c ..\obj\stm32f4xx_rcc.o
 .text.RCC_APB1PeriphClockCmd
                0x00000000       0x3c ..\obj\stm32f4xx_rcc.o
 .text.RCC_AHB1PeriphResetCmd
                0x00000000       0x3c ..\obj\stm32f4xx_rcc.o
 .text.RCC_AHB2PeriphResetCmd
                0x00000000       0x3c ..\obj\stm32f4xx_rcc.o
 .text.RCC_AHB3PeriphResetCmd
                0x00000000       0x3c ..\obj\stm32f4xx_rcc.o
 .text.RCC_APB1PeriphResetCmd
                0x00000000       0x3c ..\obj\stm32f4xx_rcc.o
 .text.RCC_APB2PeriphResetCmd
                0x00000000       0x3c ..\obj\stm32f4xx_rcc.o
 .text.RCC_AHB1PeriphClockLPModeCmd
                0x00000000       0x3c ..\obj\stm32f4xx_rcc.o
 .text.RCC_AHB2PeriphClockLPModeCmd
                0x00000000       0x3c ..\obj\stm32f4xx_rcc.o
 .text.RCC_AHB3PeriphClockLPModeCmd
                0x00000000       0x3c ..\obj\stm32f4xx_rcc.o
 .text.RCC_APB1PeriphClockLPModeCmd
                0x00000000       0x3c ..\obj\stm32f4xx_rcc.o
 .text.RCC_APB2PeriphClockLPModeCmd
                0x00000000       0x3c ..\obj\stm32f4xx_rcc.o
 .text.RCC_ITConfig
                0x00000000       0x48 ..\obj\stm32f4xx_rcc.o
 .text.RCC_GetFlagStatus
                0x00000000       0x74 ..\obj\stm32f4xx_rcc.o
 .text.RCC_ClearFlag
                0x00000000       0x1c ..\obj\stm32f4xx_rcc.o
 .text.RCC_GetITStatus
                0x00000000       0x38 ..\obj\stm32f4xx_rcc.o
 .text.RCC_ClearITPendingBit
                0x00000000       0x20 ..\obj\stm32f4xx_rcc.o
 .text          0x00000000        0x0 ..\obj\stm32f4xx_gpio.o
 .data          0x00000000        0x0 ..\obj\stm32f4xx_gpio.o
 .bss           0x00000000        0x0 ..\obj\stm32f4xx_gpio.o
 .text.GPIO_DeInit
                0x00000000      0x120 ..\obj\stm32f4xx_gpio.o
 .text.GPIO_StructInit
                0x00000000       0x34 ..\obj\stm32f4xx_gpio.o
 .text.GPIO_PinLockConfig
                0x00000000       0x44 ..\obj\stm32f4xx_gpio.o
 .text.GPIO_ReadInputDataBit
                0x00000000       0x34 ..\obj\stm32f4xx_gpio.o
 .text.GPIO_ReadInputData
                0x00000000       0x1c ..\obj\stm32f4xx_gpio.o
 .text.GPIO_ReadOutputDataBit
                0x00000000       0x34 ..\obj\stm32f4xx_gpio.o
 .text.GPIO_ReadOutputData
                0x00000000       0x1c ..\obj\stm32f4xx_gpio.o
 .text.GPIO_SetBits
                0x00000000       0x1c ..\obj\stm32f4xx_gpio.o
 .text.GPIO_ResetBits
                0x00000000       0x1c ..\obj\stm32f4xx_gpio.o
 .text.GPIO_WriteBit
                0x00000000       0x30 ..\obj\stm32f4xx_gpio.o
 .text.GPIO_Write
                0x00000000       0x1c ..\obj\stm32f4xx_gpio.o
 .text          0x00000000        0x0 ..\obj\system_stm32f4xx.o
 .data          0x00000000       0x14 ..\obj\system_stm32f4xx.o
 .bss           0x00000000        0x0 ..\obj\system_stm32f4xx.o
 .text.SystemCoreClockUpdate
                0x00000000       0xf8 ..\obj\system_stm32f4xx.o
 .text          0x00000000        0x0 ..\obj\misc.o
 .data          0x00000000        0x0 ..\obj\misc.o
 .bss           0x00000000        0x0 ..\obj\misc.o
 .text.NVIC_PriorityGroupConfig
                0x00000000       0x24 ..\obj\misc.o
 .text.NVIC_SetVectorTable
                0x00000000       0x2c ..\obj\misc.o
 .text.NVIC_SystemLPConfig
                0x00000000       0x40 ..\obj\misc.o
 .text.SysTick_CLKSourceConfig
                0x00000000       0x38 ..\obj\misc.o

Memory Configuration

Name             Origin             Length             Attributes
rom              0x08000000         0x00100000         xr
ram              0x20000000         0x00020000         xrw
ram1             0x10000000         0x00010000         xrw
*default*        0x00000000         0xffffffff

Linker script and memory map

                0x20020000                _eram = 0x20020000

.text           0x08000000      0xc9c
 *(.isr_vector)
 .isr_vector    0x08000000      0x188 ..\obj\startup_stm32f4xx.o
                0x08000000                g_pfnVectors
 *(.text*)
 .text.USART_Init
                0x08000188      0x174 ..\obj\stm32f4xx_usart.o
                0x08000188                USART_Init
 .text.USART_Cmd
                0x080002fc       0x40 ..\obj\stm32f4xx_usart.o
                0x080002fc                USART_Cmd
 .text.USART_SendData
                0x0800033c       0x24 ..\obj\stm32f4xx_usart.o
                0x0800033c                USART_SendData
 .text.USART_ITConfig
                0x08000360       0x90 ..\obj\stm32f4xx_usart.o
                0x08000360                USART_ITConfig
 .text.USART_GetITStatus
                0x080003f0       0xb0 ..\obj\stm32f4xx_usart.o
                0x080003f0                USART_GetITStatus
 .text.Default_Reset_Handler
                0x080004a0       0x5c ..\obj\startup_stm32f4xx.o
                0x080004a0                Default_Reset_Handler
                0x080004a0                Reset_Handler
 .text.Default_Handler
                0x080004fc        0x8 ..\obj\startup_stm32f4xx.o
                0x080004fc                RTC_Alarm_IRQHandler
                0x080004fc                HASH_RNG_IRQHandler
                0x080004fc                EXTI2_IRQHandler
                0x080004fc                TIM8_CC_IRQHandler
                0x080004fc                DebugMon_Handler
                0x080004fc                TIM1_CC_IRQHandler
                0x080004fc                DMA2_Stream5_IRQHandler
                0x080004fc                HardFault_Handler
                0x080004fc                DMA1_Stream5_IRQHandler
                0x080004fc                SysTick_Handler
                0x080004fc                PVD_IRQHandler
                0x080004fc                SDIO_IRQHandler
                0x080004fc                TAMP_STAMP_IRQHandler
                0x080004fc                PendSV_Handler
                0x080004fc                NMI_Handler
                0x080004fc                CAN2_RX1_IRQHandler
                0x080004fc                EXTI3_IRQHandler
                0x080004fc                TIM8_TRG_COM_TIM14_IRQHandler
                0x080004fc                TIM1_UP_TIM10_IRQHandler
                0x080004fc                TIM8_UP_TIM13_IRQHandler
                0x080004fc                I2C3_ER_IRQHandler
                0x080004fc                EXTI0_IRQHandler
                0x080004fc                I2C2_EV_IRQHandler
                0x080004fc                DMA1_Stream2_IRQHandler
                0x080004fc                CAN1_RX0_IRQHandler
                0x080004fc                FPU_IRQHandler
                0x080004fc                OTG_HS_WKUP_IRQHandler
                0x080004fc                UsageFault_Handler
                0x080004fc                CAN2_SCE_IRQHandler
                0x080004fc                DMA2_Stream2_IRQHandler
                0x080004fc                SPI1_IRQHandler
                0x080004fc                TIM6_DAC_IRQHandler
                0x080004fc                TIM1_BRK_TIM9_IRQHandler
                0x080004fc                DCMI_IRQHandler
                0x080004fc                CAN2_RX0_IRQHandler
                0x080004fc                DMA2_Stream3_IRQHandler
                0x080004fc                USART6_IRQHandler
                0x080004fc                USART3_IRQHandler
                0x080004fc                CRYP_IRQHandler
                0x080004fc                CAN1_RX1_IRQHandler
                0x080004fc                UART5_IRQHandler
                0x080004fc                DMA2_Stream0_IRQHandler
                0x080004fc                TIM4_IRQHandler
                0x080004fc                I2C1_EV_IRQHandler
                0x080004fc                DMA1_Stream6_IRQHandler
                0x080004fc                DMA1_Stream1_IRQHandler
                0x080004fc                UART4_IRQHandler
                0x080004fc                TIM3_IRQHandler
                0x080004fc                RCC_IRQHandler
                0x080004fc                TIM8_BRK_TIM12_IRQHandler
                0x080004fc                EXTI15_10_IRQHandler
                0x080004fc                ADC_IRQHandler
                0x080004fc                DMA1_Stream7_IRQHandler
                0x080004fc                TIM7_IRQHandler
                0x080004fc                CAN2_TX_IRQHandler
                0x080004fc                TIM5_IRQHandler
                0x080004fc                DMA2_Stream7_IRQHandler
                0x080004fc                I2C3_EV_IRQHandler
                0x080004fc                EXTI9_5_IRQHandler
                0x080004fc                RTC_WKUP_IRQHandler
                0x080004fc                ETH_WKUP_IRQHandler
                0x080004fc                SPI2_IRQHandler
                0x080004fc                OTG_HS_EP1_IN_IRQHandler
                0x080004fc                MemManage_Handler
                0x080004fc                DMA1_Stream0_IRQHandler
                0x080004fc                CAN1_TX_IRQHandler
                0x080004fc                SVC_Handler
                0x080004fc                EXTI4_IRQHandler
                0x080004fc                FSMC_IRQHandler
                0x080004fc                ETH_IRQHandler
                0x080004fc                OTG_HS_EP1_OUT_IRQHandler
                0x080004fc                WWDG_IRQHandler
                0x080004fc                TIM2_IRQHandler
                0x080004fc                OTG_FS_WKUP_IRQHandler
                0x080004fc                TIM1_TRG_COM_TIM11_IRQHandler
                0x080004fc                OTG_HS_IRQHandler
                0x080004fc                EXTI1_IRQHandler
                0x080004fc                USART2_IRQHandler
                0x080004fc                I2C2_ER_IRQHandler
                0x080004fc                DMA2_Stream1_IRQHandler
                0x080004fc                CAN1_SCE_IRQHandler
                0x080004fc                FLASH_IRQHandler
                0x080004fc                DMA2_Stream4_IRQHandler
                0x080004fc                BusFault_Handler
                0x080004fc                OTG_FS_IRQHandler
                0x080004fc                SPI3_IRQHandler
                0x080004fc                DMA1_Stream4_IRQHandler
                0x080004fc                I2C1_ER_IRQHandler
                0x080004fc                DMA2_Stream6_IRQHandler
                0x080004fc                DMA1_Stream3_IRQHandler
 .text.USART1_IRQHandler
                0x08000504       0x74 ..\obj\main.o
                0x08000504                USART1_IRQHandler
 .text.main     0x08000578       0x38 ..\obj\main.o
                0x08000578                main
 .text.init_USART1
                0x080005b0       0xb4 ..\obj\main.o
                0x080005b0                init_USART1
 .text.USART_puts
                0x08000664       0x44 ..\obj\main.o
                0x08000664                USART_puts
 .text.init_GPIO
                0x080006a8       0x40 ..\obj\main.o
                0x080006a8                init_GPIO
 .text.RCC_GetClocksFreq
                0x080006e8      0x154 ..\obj\stm32f4xx_rcc.o
                0x080006e8                RCC_GetClocksFreq
 .text.RCC_AHB1PeriphClockCmd
                0x0800083c       0x3c ..\obj\stm32f4xx_rcc.o
                0x0800083c                RCC_AHB1PeriphClockCmd
 .text.RCC_APB2PeriphClockCmd
                0x08000878       0x3c ..\obj\stm32f4xx_rcc.o
                0x08000878                RCC_APB2PeriphClockCmd
 .text.GPIO_Init
                0x080008b4      0x11c ..\obj\stm32f4xx_gpio.o
                0x080008b4                GPIO_Init
 .text.GPIO_ToggleBits
                0x080009d0       0x24 ..\obj\stm32f4xx_gpio.o
                0x080009d0                GPIO_ToggleBits
 .text.GPIO_PinAFConfig
                0x080009f4       0x8c ..\obj\stm32f4xx_gpio.o
                0x080009f4                GPIO_PinAFConfig
 .text.SystemInit
                0x08000a80       0x58 ..\obj\system_stm32f4xx.o
                0x08000a80                SystemInit
 .text.SetSysClock
                0x08000ad8       0xf4 ..\obj\system_stm32f4xx.o
 .text.NVIC_Init
                0x08000bcc       0xbc ..\obj\misc.o
                0x08000bcc                NVIC_Init
 *(.init)
 *(.fini)
 *crtbegin.o(.ctors)
 *crtbegin?.o(.ctors)
 *(EXCLUDE_FILE(*crtend.o *crtend?.o) .ctors)
 *(SORT(.ctors.*))
 *(.ctors)
 *crtbegin.o(.dtors)
 *crtbegin?.o(.dtors)
 *(EXCLUDE_FILE(*crtend.o *crtend?.o) .dtors)
 *(SORT(.dtors.*))
 *(.dtors)
 *(.rodata*)
 .rodata        0x08000c88       0x14 ..\obj\main.o
 *(.eh_fram e*)

.glue_7         0x08000c9c        0x0
 .glue_7        0x00000000        0x0 linker stubs

.glue_7t        0x08000c9c        0x0
 .glue_7t       0x00000000        0x0 linker stubs

.vfp11_veneer   0x08000c9c        0x0
 .vfp11_veneer  0x00000000        0x0 linker stubs

.v4_bx          0x08000c9c        0x0
 .v4_bx         0x00000000        0x0 linker stubs

.iplt           0x08000c9c        0x0
 .iplt          0x00000000        0x0 ..\obj\stm32f4xx_usart.o

.rel.dyn        0x08000c9c        0x0
 .rel.iplt      0x00000000        0x0 ..\obj\stm32f4xx_usart.o

.ARM.extab
 *(.ARM.extab* .gnu.linkonce.armextab.*)
                0x08000c9c                __exidx_start = .

.ARM.exidx
 *(.ARM.exidx* .gnu.linkonce.armexidx.*)
                0x08000c9c                __exidx_end = .
                0x08000c9c                __etext = .
                0x08000c9c                _sidata = __etext

.data           0x20000000       0x10 load address 0x08000c9c
                0x20000000                __data_start__ = .
                0x20000000                _sdata = __data_start__
 *(vtable)
 *(.data*)
 .data          0x20000000       0x10 ..\obj\stm32f4xx_rcc.o
                0x20000010                . = ALIGN (0x4)
                0x20000010                PROVIDE (__preinit_array_start, .)
 *(.preinit_array)
                0x20000010                PROVIDE (__preinit_array_end, .)
                0x20000010                . = ALIGN (0x4)
                0x20000010                PROVIDE (__init_array_start, .)
 *(SORT(.init_array.*))
 *(.init_array)
                0x20000010                PROVIDE (__init_array_end, .)
                0x20000010                . = ALIGN (0x4)
                0x20000010                PROVIDE (__fini_array_start, .)
 *(SORT(.fini_array.*))
 *(.fini_array)
                0x20000010                PROVIDE (__fini_array_end, .)
 *(.jcr*)
                0x20000010                . = ALIGN (0x4)
                0x20000010                __data_end__ = .
                0x20000010                _edata = __data_end__

.igot.plt       0x20000010        0x0 load address 0x08000cac
 .igot.plt      0x00000000        0x0 ..\obj\stm32f4xx_usart.o

.bss            0x20000010       0x30 load address 0x08000cac
                0x20000010                . = ALIGN (0x4)
                0x20000010                __bss_start__ = .
                0x20000010                _sbss = __bss_start__
 *(.bss*)
 .bss           0x20000010        0x1 ..\obj\main.o
 *(COMMON)
 *fill*         0x20000011        0x3 
 COMMON         0x20000014       0x29 ..\obj\main.o
                0x20000014                GPIO_InitStructure
                0x2000001c                USART_InitStructure
                0x2000002c                NVIC_InitStructure
                0x20000030                received_string
                0x20000040                . = ALIGN (0x4)
 *fill*         0x2000003d        0x3 
                0x20000040                __bss_end__ = .
                0x20000040                _ebss = __bss_end__

.heap           0x20000040        0x0
                0x20000040                __end__ = .
                0x20000040                _end = __end__
                0x20000040                end = __end__
 *(.heap*)
                0x20000040                __HeapLimit = .

.co_stack       0x20000040      0x800 load address 0x08000cdc
                0x20000040                . = ALIGN (0x8)
 *(.co_stack .co_stack.*)
 .co_stack      0x20000040      0x800 ..\obj\startup_stm32f4xx.o
                0x20000040                pulStack
                0x20020000                __StackTop = (ORIGIN (ram) + 0x20000)
                0x2001f800                __StackLimit = (__StackTop - SIZEOF (.co_stack))
                0x20020000                PROVIDE (__stack, __StackTop)
                0x00000001                ASSERT ((__StackLimit >= __HeapLimit), region ram  overflowed with stack)
LOAD ..\obj\stm32f4xx_usart.o
LOAD ..\obj\startup_stm32f4xx.o
LOAD ..\obj\main.o
LOAD ..\obj\stm32f4xx_rcc.o
LOAD ..\obj\stm32f4xx_gpio.o
LOAD ..\obj\system_stm32f4xx.o
LOAD ..\obj\misc.o
START GROUP
LOAD c:/program files (x86)/gnu tools arm embedded/4.8 2014q1/bin/../lib/gcc/arm-none-eabi/4.8.3/armv7e-m\libgcc.a
LOAD c:/program files (x86)/gnu tools arm embedded/4.8 2014q1/bin/../lib/gcc/arm-none-eabi/4.8.3/../../../../arm-none-eabi/lib/armv7e-m\libg.a
LOAD c:/program files (x86)/gnu tools arm embedded/4.8 2014q1/bin/../lib/gcc/arm-none-eabi/4.8.3/../../../../arm-none-eabi/lib/armv7e-m\libc.a
END GROUP
OUTPUT(serialPort.elf elf32-littlearm)

.debug_info     0x00000000     0x2f8b
 .debug_info    0x00000000      0x9c2 ..\obj\stm32f4xx_usart.o
 .debug_info    0x000009c2       0xed ..\obj\startup_stm32f4xx.o
 .debug_info    0x00000aaf      0x7be ..\obj\main.o
 .debug_info    0x0000126d      0xc4d ..\obj\stm32f4xx_rcc.o
 .debug_info    0x00001eba      0x602 ..\obj\stm32f4xx_gpio.o
 .debug_info    0x000024bc      0x592 ..\obj\system_stm32f4xx.o
 .debug_info    0x00002a4e      0x53d ..\obj\misc.o

.debug_abbrev   0x00000000      0x9b2
 .debug_abbrev  0x00000000      0x155 ..\obj\stm32f4xx_usart.o
 .debug_abbrev  0x00000155       0xb0 ..\obj\startup_stm32f4xx.o
 .debug_abbrev  0x00000205      0x1ac ..\obj\main.o
 .debug_abbrev  0x000003b1      0x1e3 ..\obj\stm32f4xx_rcc.o
 .debug_abbrev  0x00000594      0x1a3 ..\obj\stm32f4xx_gpio.o
 .debug_abbrev  0x00000737      0x136 ..\obj\system_stm32f4xx.o
 .debug_abbrev  0x0000086d      0x145 ..\obj\misc.o

.debug_aranges  0x00000000      0x3e0
 .debug_aranges
                0x00000000      0x100 ..\obj\stm32f4xx_usart.o
 .debug_aranges
                0x00000100       0x28 ..\obj\startup_stm32f4xx.o
 .debug_aranges
                0x00000128       0x48 ..\obj\main.o
 .debug_aranges
                0x00000170      0x178 ..\obj\stm32f4xx_rcc.o
 .debug_aranges
                0x000002e8       0x88 ..\obj\stm32f4xx_gpio.o
 .debug_aranges
                0x00000370       0x30 ..\obj\system_stm32f4xx.o
 .debug_aranges
                0x000003a0       0x40 ..\obj\misc.o

.debug_ranges   0x00000000      0x370
 .debug_ranges  0x00000000       0xf0 ..\obj\stm32f4xx_usart.o
 .debug_ranges  0x000000f0       0x18 ..\obj\startup_stm32f4xx.o
 .debug_ranges  0x00000108       0x38 ..\obj\main.o
 .debug_ranges  0x00000140      0x168 ..\obj\stm32f4xx_rcc.o
 .debug_ranges  0x000002a8       0x78 ..\obj\stm32f4xx_gpio.o
 .debug_ranges  0x00000320       0x20 ..\obj\system_stm32f4xx.o
 .debug_ranges  0x00000340       0x30 ..\obj\misc.o

.debug_line     0x00000000     0x162f
 .debug_line    0x00000000      0x4d9 ..\obj\stm32f4xx_usart.o
 .debug_line    0x000004d9       0xab ..\obj\startup_stm32f4xx.o
 .debug_line    0x00000584      0x2de ..\obj\main.o
 .debug_line    0x00000862      0x5d1 ..\obj\stm32f4xx_rcc.o
 .debug_line    0x00000e33      0x376 ..\obj\stm32f4xx_gpio.o
 .debug_line    0x000011a9      0x20a ..\obj\system_stm32f4xx.o
 .debug_line    0x000013b3      0x27c ..\obj\misc.o

.debug_str      0x00000000     0x190a
 .debug_str     0x00000000      0x61e ..\obj\stm32f4xx_usart.o
                                0x699 (size before relaxing)
 .debug_str     0x0000061e       0xba ..\obj\startup_stm32f4xx.o
                                0x151 (size before relaxing)
 .debug_str     0x000006d8      0x81b ..\obj\main.o
                                0xa8a (size before relaxing)
 .debug_str     0x00000ef3      0x5ed ..\obj\stm32f4xx_rcc.o
                                0x85a (size before relaxing)
 .debug_str     0x000014e0      0x19d ..\obj\stm32f4xx_gpio.o
                                0x4ad (size before relaxing)
 .debug_str     0x0000167d      0x122 ..\obj\system_stm32f4xx.o
                                0x3b4 (size before relaxing)
 .debug_str     0x0000179f      0x16b ..\obj\misc.o
                                0x3d8 (size before relaxing)

.comment        0x00000000       0x70
 .comment       0x00000000       0x70 ..\obj\stm32f4xx_usart.o
                                 0x71 (size before relaxing)
 .comment       0x00000000       0x71 ..\obj\startup_stm32f4xx.o
 .comment       0x00000000       0x71 ..\obj\main.o
 .comment       0x00000000       0x71 ..\obj\stm32f4xx_rcc.o
 .comment       0x00000000       0x71 ..\obj\stm32f4xx_gpio.o
 .comment       0x00000000       0x71 ..\obj\system_stm32f4xx.o
 .comment       0x00000000       0x71 ..\obj\misc.o

.ARM.attributes
                0x00000000       0x33
 .ARM.attributes
                0x00000000       0x33 ..\obj\stm32f4xx_usart.o
 .ARM.attributes
                0x00000033       0x33 ..\obj\startup_stm32f4xx.o
 .ARM.attributes
                0x00000066       0x33 ..\obj\main.o
 .ARM.attributes
                0x00000099       0x33 ..\obj\stm32f4xx_rcc.o
 .ARM.attributes
                0x000000cc       0x33 ..\obj\stm32f4xx_gpio.o
 .ARM.attributes
                0x000000ff       0x33 ..\obj\system_stm32f4xx.o
 .ARM.attributes
                0x00000132       0x33 ..\obj\misc.o

.debug_frame    0x00000000      0xbc4
 .debug_frame   0x00000000      0x344 ..\obj\stm32f4xx_usart.o
 .debug_frame   0x00000344       0x48 ..\obj\startup_stm32f4xx.o
 .debug_frame   0x0000038c       0xc4 ..\obj\main.o
 .debug_frame   0x00000450      0x4d8 ..\obj\stm32f4xx_rcc.o
 .debug_frame   0x00000928      0x19c ..\obj\stm32f4xx_gpio.o
 .debug_frame   0x00000ac4       0x64 ..\obj\system_stm32f4xx.o
 .debug_frame   0x00000b28       0x9c ..\obj\misc.o
